# Projects

- Make okra great (OKRA1)

# Last Week

- Make okra great (OKRA1)
  - @bactrian (<X> days)
  - Work Item 1

# Activity (move these items to last week)

 - Fix bug in Okra [#42](https://github.com/bactrian/okra/pull/42)
 - Fix another bug in Okra [#43](https://github.com/bactrian/okra/pull/43)
